Classic Timing Analyzer report for alu_calculate
Sat Jan 06 20:48:11 2018
Quartus II Version 9.0 Build 184 04/29/2009 Service Pack 1 SJ Web Edition


---------------------
; Table of Contents ;
---------------------
  1. Legal Notice
  2. Timing Analyzer Summary
  3. Timing Analyzer Settings
  4. Parallel Compilation
  5. tpd
  6. Timing Analyzer Messages



----------------
; Legal Notice ;
----------------
Copyright (C) 1991-2009 Altera Corporation
Your use of Altera Corporation's design tools, logic functions 
and other software and tools, and its AMPP partner logic 
functions, and any output files from any of the foregoing 
(including device programming or simulation files), and any 
associated documentation or information are expressly subject 
to the terms and conditions of the Altera Program License 
Subscription Agreement, Altera MegaCore Function License 
Agreement, or other applicable license agreement, including, 
without limitation, that your use is for the sole purpose of 
programming logic devices manufactured by Altera and sold by 
Altera or its authorized distributors.  Please refer to the 
applicable agreement for further details.



+-------------------------------------------------------------------------------------------------------------------------+
; Timing Analyzer Summary                                                                                                 ;
+------------------------------+-------+---------------+-------------+------+------+------------+----------+--------------+
; Type                         ; Slack ; Required Time ; Actual Time ; From ; To   ; From Clock ; To Clock ; Failed Paths ;
+------------------------------+-------+---------------+-------------+------+------+------------+----------+--------------+
; Worst-case tpd               ; N/A   ; None          ; 12.999 ns   ; b[2] ; r[7] ; --         ; --       ; 0            ;
; Total number of failed paths ;       ;               ;             ;      ;      ;            ;          ; 0            ;
+------------------------------+-------+---------------+-------------+------+------+------------+----------+--------------+


+--------------------------------------------------------------------------------------------------------------------+
; Timing Analyzer Settings                                                                                           ;
+---------------------------------------------------------------------+--------------------+------+----+-------------+
; Option                                                              ; Setting            ; From ; To ; Entity Name ;
+---------------------------------------------------------------------+--------------------+------+----+-------------+
; Device Name                                                         ; EP2S15F484C3       ;      ;    ;             ;
; Timing Models                                                       ; Final              ;      ;    ;             ;
; Default hold multicycle                                             ; Same as Multicycle ;      ;    ;             ;
; Cut paths between unrelated clock domains                           ; On                 ;      ;    ;             ;
; Cut off read during write signal paths                              ; On                 ;      ;    ;             ;
; Cut off feedback from I/O pins                                      ; On                 ;      ;    ;             ;
; Report Combined Fast/Slow Timing                                    ; Off                ;      ;    ;             ;
; Ignore Clock Settings                                               ; Off                ;      ;    ;             ;
; Analyze latches as synchronous elements                             ; On                 ;      ;    ;             ;
; Enable Recovery/Removal analysis                                    ; Off                ;      ;    ;             ;
; Enable Clock Latency                                                ; Off                ;      ;    ;             ;
; Use TimeQuest Timing Analyzer                                       ; Off                ;      ;    ;             ;
; Number of source nodes to report per destination node               ; 10                 ;      ;    ;             ;
; Number of destination nodes to report                               ; 10                 ;      ;    ;             ;
; Number of paths to report                                           ; 200                ;      ;    ;             ;
; Report Minimum Timing Checks                                        ; Off                ;      ;    ;             ;
; Use Fast Timing Models                                              ; Off                ;      ;    ;             ;
; Report IO Paths Separately                                          ; Off                ;      ;    ;             ;
; Perform Multicorner Analysis                                        ; On                 ;      ;    ;             ;
; Reports the worst-case path for each clock domain and analysis      ; Off                ;      ;    ;             ;
; Removes common clock path pessimism (CCPP) during slack computation ; Off                ;      ;    ;             ;
; Output I/O Timing Endpoint                                          ; Near End           ;      ;    ;             ;
+---------------------------------------------------------------------+--------------------+------+----+-------------+


Parallel compilation was disabled, but you have multiple processors available. Enable parallel compilation to reduce compilation time.
+-------------------------------------+
; Parallel Compilation                ;
+----------------------------+--------+
; Processors                 ; Number ;
+----------------------------+--------+
; Number detected on machine ; 4      ;
; Maximum allowed            ; 1      ;
+----------------------------+--------+


+-----------------------------------------------------------+
; tpd                                                       ;
+-------+-------------------+-----------------+------+------+
; Slack ; Required P2P Time ; Actual P2P Time ; From ; To   ;
+-------+-------------------+-----------------+------+------+
; N/A   ; None              ; 12.999 ns       ; b[2] ; r[7] ;
; N/A   ; None              ; 12.925 ns       ; b[6] ; r[7] ;
; N/A   ; None              ; 12.859 ns       ; b[0] ; r[7] ;
; N/A   ; None              ; 12.816 ns       ; b[3] ; r[7] ;
; N/A   ; None              ; 12.780 ns       ; b[1] ; r[7] ;
; N/A   ; None              ; 12.722 ns       ; a[1] ; r[7] ;
; N/A   ; None              ; 12.700 ns       ; a[2] ; r[7] ;
; N/A   ; None              ; 12.650 ns       ; a[0] ; r[7] ;
; N/A   ; None              ; 12.620 ns       ; b[5] ; r[7] ;
; N/A   ; None              ; 12.611 ns       ; a[4] ; r[7] ;
; N/A   ; None              ; 12.604 ns       ; a[6] ; r[7] ;
; N/A   ; None              ; 12.535 ns       ; b[4] ; r[7] ;
; N/A   ; None              ; 12.267 ns       ; a[3] ; r[7] ;
; N/A   ; None              ; 12.153 ns       ; a[5] ; r[7] ;
; N/A   ; None              ; 11.907 ns       ; b[2] ; r[5] ;
; N/A   ; None              ; 11.833 ns       ; b[6] ; r[5] ;
; N/A   ; None              ; 11.812 ns       ; b[2] ; r[4] ;
; N/A   ; None              ; 11.767 ns       ; b[0] ; r[5] ;
; N/A   ; None              ; 11.738 ns       ; b[6] ; r[4] ;
; N/A   ; None              ; 11.724 ns       ; b[3] ; r[5] ;
; N/A   ; None              ; 11.688 ns       ; b[1] ; r[5] ;
; N/A   ; None              ; 11.672 ns       ; b[0] ; r[4] ;
; N/A   ; None              ; 11.634 ns       ; b[2] ; r[6] ;
; N/A   ; None              ; 11.630 ns       ; a[1] ; r[5] ;
; N/A   ; None              ; 11.629 ns       ; b[3] ; r[4] ;
; N/A   ; None              ; 11.608 ns       ; a[2] ; r[5] ;
; N/A   ; None              ; 11.608 ns       ; b[2] ; r[3] ;
; N/A   ; None              ; 11.593 ns       ; b[1] ; r[4] ;
; N/A   ; None              ; 11.560 ns       ; b[6] ; r[6] ;
; N/A   ; None              ; 11.558 ns       ; a[0] ; r[5] ;
; N/A   ; None              ; 11.535 ns       ; a[1] ; r[4] ;
; N/A   ; None              ; 11.534 ns       ; b[6] ; r[3] ;
; N/A   ; None              ; 11.528 ns       ; b[5] ; r[5] ;
; N/A   ; None              ; 11.519 ns       ; a[4] ; r[5] ;
; N/A   ; None              ; 11.513 ns       ; a[2] ; r[4] ;
; N/A   ; None              ; 11.512 ns       ; a[6] ; r[5] ;
; N/A   ; None              ; 11.508 ns       ; b[3] ; z    ;
; N/A   ; None              ; 11.494 ns       ; b[0] ; r[6] ;
; N/A   ; None              ; 11.476 ns       ; a[7] ; r[7] ;
; N/A   ; None              ; 11.468 ns       ; b[0] ; r[3] ;
; N/A   ; None              ; 11.463 ns       ; a[0] ; r[4] ;
; N/A   ; None              ; 11.451 ns       ; b[3] ; r[6] ;
; N/A   ; None              ; 11.448 ns       ; b[7] ; r[7] ;
; N/A   ; None              ; 11.443 ns       ; b[4] ; r[5] ;
; N/A   ; None              ; 11.433 ns       ; b[5] ; r[4] ;
; N/A   ; None              ; 11.425 ns       ; b[3] ; r[3] ;
; N/A   ; None              ; 11.424 ns       ; a[4] ; r[4] ;
; N/A   ; None              ; 11.417 ns       ; a[6] ; r[4] ;
; N/A   ; None              ; 11.415 ns       ; b[1] ; r[6] ;
; N/A   ; None              ; 11.389 ns       ; b[1] ; r[3] ;
; N/A   ; None              ; 11.357 ns       ; a[1] ; r[6] ;
; N/A   ; None              ; 11.348 ns       ; b[4] ; r[4] ;
; N/A   ; None              ; 11.335 ns       ; a[2] ; r[6] ;
; N/A   ; None              ; 11.331 ns       ; a[1] ; r[3] ;
; N/A   ; None              ; 11.309 ns       ; a[2] ; r[3] ;
; N/A   ; None              ; 11.285 ns       ; a[0] ; r[6] ;
; N/A   ; None              ; 11.259 ns       ; a[0] ; r[3] ;
; N/A   ; None              ; 11.255 ns       ; b[5] ; r[6] ;
; N/A   ; None              ; 11.246 ns       ; a[4] ; r[6] ;
; N/A   ; None              ; 11.239 ns       ; a[6] ; r[6] ;
; N/A   ; None              ; 11.229 ns       ; b[5] ; r[3] ;
; N/A   ; None              ; 11.220 ns       ; a[4] ; r[3] ;
; N/A   ; None              ; 11.213 ns       ; a[6] ; r[3] ;
; N/A   ; None              ; 11.194 ns       ; b[2] ; r[2] ;
; N/A   ; None              ; 11.185 ns       ; b[2] ; r[1] ;
; N/A   ; None              ; 11.175 ns       ; a[3] ; r[5] ;
; N/A   ; None              ; 11.170 ns       ; b[4] ; r[6] ;
; N/A   ; None              ; 11.144 ns       ; b[4] ; r[3] ;
; N/A   ; None              ; 11.120 ns       ; b[6] ; r[2] ;
; N/A   ; None              ; 11.111 ns       ; b[6] ; r[1] ;
; N/A   ; None              ; 11.080 ns       ; a[3] ; r[4] ;
; N/A   ; None              ; 11.061 ns       ; a[5] ; r[5] ;
; N/A   ; None              ; 11.054 ns       ; b[0] ; r[2] ;
; N/A   ; None              ; 11.045 ns       ; b[0] ; r[1] ;
; N/A   ; None              ; 11.011 ns       ; b[3] ; r[2] ;
; N/A   ; None              ; 11.002 ns       ; b[3] ; r[1] ;
; N/A   ; None              ; 10.975 ns       ; b[1] ; r[2] ;
; N/A   ; None              ; 10.966 ns       ; a[5] ; r[4] ;
; N/A   ; None              ; 10.966 ns       ; b[1] ; r[1] ;
; N/A   ; None              ; 10.917 ns       ; a[1] ; r[2] ;
; N/A   ; None              ; 10.908 ns       ; a[1] ; r[1] ;
; N/A   ; None              ; 10.902 ns       ; a[3] ; r[6] ;
; N/A   ; None              ; 10.895 ns       ; a[2] ; r[2] ;
; N/A   ; None              ; 10.886 ns       ; a[2] ; r[1] ;
; N/A   ; None              ; 10.876 ns       ; a[3] ; r[3] ;
; N/A   ; None              ; 10.845 ns       ; a[0] ; r[2] ;
; N/A   ; None              ; 10.836 ns       ; a[0] ; r[1] ;
; N/A   ; None              ; 10.815 ns       ; b[5] ; r[2] ;
; N/A   ; None              ; 10.806 ns       ; a[4] ; r[2] ;
; N/A   ; None              ; 10.806 ns       ; b[5] ; r[1] ;
; N/A   ; None              ; 10.799 ns       ; a[6] ; r[2] ;
; N/A   ; None              ; 10.797 ns       ; a[4] ; r[1] ;
; N/A   ; None              ; 10.790 ns       ; a[6] ; r[1] ;
; N/A   ; None              ; 10.788 ns       ; a[5] ; r[6] ;
; N/A   ; None              ; 10.762 ns       ; a[5] ; r[3] ;
; N/A   ; None              ; 10.730 ns       ; b[4] ; r[2] ;
; N/A   ; None              ; 10.721 ns       ; b[4] ; r[1] ;
; N/A   ; None              ; 10.682 ns       ; s[2] ; r[0] ;
; N/A   ; None              ; 10.641 ns       ; a[0] ; z    ;
; N/A   ; None              ; 10.627 ns       ; s[2] ; r[7] ;
; N/A   ; None              ; 10.585 ns       ; a[3] ; z    ;
; N/A   ; None              ; 10.580 ns       ; a[6] ; z    ;
; N/A   ; None              ; 10.570 ns       ; s[0] ; r[0] ;
; N/A   ; None              ; 10.558 ns       ; a[1] ; z    ;
; N/A   ; None              ; 10.555 ns       ; s[0] ; z    ;
; N/A   ; None              ; 10.555 ns       ; m    ; r[0] ;
; N/A   ; None              ; 10.540 ns       ; m    ; z    ;
; N/A   ; None              ; 10.530 ns       ; s[3] ; r[0] ;
; N/A   ; None              ; 10.519 ns       ; s[3] ; r[7] ;
; N/A   ; None              ; 10.517 ns       ; s[0] ; r[7] ;
; N/A   ; None              ; 10.502 ns       ; a[2] ; z    ;
; N/A   ; None              ; 10.502 ns       ; m    ; r[7] ;
; N/A   ; None              ; 10.502 ns       ; s[1] ; r[0] ;
; N/A   ; None              ; 10.480 ns       ; s[3] ; z    ;
; N/A   ; None              ; 10.462 ns       ; a[3] ; r[2] ;
; N/A   ; None              ; 10.456 ns       ; s[2] ; z    ;
; N/A   ; None              ; 10.453 ns       ; a[3] ; r[1] ;
; N/A   ; None              ; 10.452 ns       ; b[0] ; z    ;
; N/A   ; None              ; 10.447 ns       ; s[1] ; r[7] ;
; N/A   ; None              ; 10.422 ns       ; b[2] ; z    ;
; N/A   ; None              ; 10.384 ns       ; a[7] ; r[5] ;
; N/A   ; None              ; 10.356 ns       ; b[7] ; r[5] ;
; N/A   ; None              ; 10.348 ns       ; a[5] ; r[2] ;
; N/A   ; None              ; 10.339 ns       ; b[6] ; z    ;
; N/A   ; None              ; 10.339 ns       ; a[5] ; r[1] ;
; N/A   ; None              ; 10.306 ns       ; b[2] ; c    ;
; N/A   ; None              ; 10.295 ns       ; b[5] ; z    ;
; N/A   ; None              ; 10.289 ns       ; a[7] ; r[4] ;
; N/A   ; None              ; 10.286 ns       ; a[0] ; r[0] ;
; N/A   ; None              ; 10.270 ns       ; a[5] ; z    ;
; N/A   ; None              ; 10.261 ns       ; b[7] ; r[4] ;
; N/A   ; None              ; 10.232 ns       ; b[6] ; c    ;
; N/A   ; None              ; 10.229 ns       ; b[7] ; z    ;
; N/A   ; None              ; 10.219 ns       ; s[3] ; r[5] ;
; N/A   ; None              ; 10.211 ns       ; s[0] ; r[5] ;
; N/A   ; None              ; 10.202 ns       ; b[1] ; z    ;
; N/A   ; None              ; 10.196 ns       ; m    ; r[5] ;
; N/A   ; None              ; 10.166 ns       ; b[0] ; c    ;
; N/A   ; None              ; 10.152 ns       ; a[7] ; z    ;
; N/A   ; None              ; 10.145 ns       ; a[4] ; z    ;
; N/A   ; None              ; 10.126 ns       ; b[4] ; z    ;
; N/A   ; None              ; 10.123 ns       ; b[3] ; c    ;
; N/A   ; None              ; 10.115 ns       ; s[2] ; r[5] ;
; N/A   ; None              ; 10.115 ns       ; b[0] ; r[0] ;
; N/A   ; None              ; 10.111 ns       ; a[7] ; r[6] ;
; N/A   ; None              ; 10.087 ns       ; b[1] ; c    ;
; N/A   ; None              ; 10.085 ns       ; a[7] ; r[3] ;
; N/A   ; None              ; 10.083 ns       ; b[7] ; r[6] ;
; N/A   ; None              ; 10.073 ns       ; s[1] ; z    ;
; N/A   ; None              ; 10.057 ns       ; b[7] ; r[3] ;
; N/A   ; None              ; 10.029 ns       ; a[1] ; c    ;
; N/A   ; None              ; 10.007 ns       ; a[2] ; c    ;
; N/A   ; None              ; 9.974 ns        ; s[2] ; r[3] ;
; N/A   ; None              ; 9.957 ns        ; a[0] ; c    ;
; N/A   ; None              ; 9.935 ns        ; s[1] ; r[5] ;
; N/A   ; None              ; 9.927 ns        ; b[5] ; c    ;
; N/A   ; None              ; 9.918 ns        ; a[4] ; c    ;
; N/A   ; None              ; 9.911 ns        ; a[6] ; c    ;
; N/A   ; None              ; 9.869 ns        ; s[2] ; r[6] ;
; N/A   ; None              ; 9.867 ns        ; s[3] ; r[3] ;
; N/A   ; None              ; 9.859 ns        ; s[0] ; r[3] ;
; N/A   ; None              ; 9.844 ns        ; m    ; r[3] ;
; N/A   ; None              ; 9.842 ns        ; b[4] ; c    ;
; N/A   ; None              ; 9.818 ns        ; s[3] ; r[6] ;
; N/A   ; None              ; 9.810 ns        ; s[0] ; r[6] ;
; N/A   ; None              ; 9.795 ns        ; m    ; r[6] ;
; N/A   ; None              ; 9.794 ns        ; s[1] ; r[3] ;
; N/A   ; None              ; 9.762 ns        ; s[2] ; r[2] ;
; N/A   ; None              ; 9.689 ns        ; s[1] ; r[6] ;
; N/A   ; None              ; 9.689 ns        ; s[0] ; r[2] ;
; N/A   ; None              ; 9.674 ns        ; m    ; r[2] ;
; N/A   ; None              ; 9.671 ns        ; a[7] ; r[2] ;
; N/A   ; None              ; 9.662 ns        ; a[7] ; r[1] ;
; N/A   ; None              ; 9.655 ns        ; s[3] ; r[2] ;
; N/A   ; None              ; 9.643 ns        ; b[7] ; r[2] ;
; N/A   ; None              ; 9.634 ns        ; b[7] ; r[1] ;
; N/A   ; None              ; 9.621 ns        ; s[2] ; r[1] ;
; N/A   ; None              ; 9.582 ns        ; s[1] ; r[2] ;
; N/A   ; None              ; 9.574 ns        ; a[3] ; c    ;
; N/A   ; None              ; 9.570 ns        ; s[2] ; r[4] ;
; N/A   ; None              ; 9.509 ns        ; s[0] ; r[1] ;
; N/A   ; None              ; 9.494 ns        ; m    ; r[1] ;
; N/A   ; None              ; 9.463 ns        ; s[0] ; r[4] ;
; N/A   ; None              ; 9.460 ns        ; a[5] ; c    ;
; N/A   ; None              ; 9.448 ns        ; m    ; r[4] ;
; N/A   ; None              ; 9.441 ns        ; s[1] ; r[1] ;
; N/A   ; None              ; 9.421 ns        ; s[3] ; r[4] ;
; N/A   ; None              ; 9.390 ns        ; s[1] ; r[4] ;
; N/A   ; None              ; 9.385 ns        ; b[7] ; c    ;
; N/A   ; None              ; 9.346 ns        ; s[3] ; r[1] ;
; N/A   ; None              ; 8.953 ns        ; s[0] ; c    ;
; N/A   ; None              ; 8.938 ns        ; m    ; c    ;
; N/A   ; None              ; 8.854 ns        ; s[2] ; c    ;
; N/A   ; None              ; 8.840 ns        ; a[7] ; c    ;
; N/A   ; None              ; 8.790 ns        ; s[3] ; c    ;
; N/A   ; None              ; 8.471 ns        ; s[1] ; c    ;
+-------+-------------------+-----------------+------+------+


+--------------------------+
; Timing Analyzer Messages ;
+--------------------------+
Info: *******************************************************************
Info: Running Quartus II Classic Timing Analyzer
    Info: Version 9.0 Build 184 04/29/2009 Service Pack 1 SJ Web Edition
    Info: Processing started: Sat Jan 06 20:48:11 2018
Info: Command: quartus_tan --read_settings_files=off --write_settings_files=off alu_calculate -c alu_calculate --timing_analysis_only
Info: Longest tpd from source pin "b[2]" to destination pin "r[7]" is 12.999 ns
    Info: 1: + IC(0.000 ns) + CELL(0.809 ns) = 0.809 ns; Loc. = PIN_AA11; Fanout = 10; PIN Node = 'b[2]'
    Info: 2: + IC(4.059 ns) + CELL(0.357 ns) = 5.225 ns; Loc. = LCCOMB_X25_Y4_N26; Fanout = 1; COMB Node = 'LessThan1~1'
    Info: 3: + IC(0.707 ns) + CELL(0.225 ns) = 6.157 ns; Loc. = LCCOMB_X23_Y5_N8; Fanout = 4; COMB Node = 'LessThan1~3'
    Info: 4: + IC(0.533 ns) + CELL(0.225 ns) = 6.915 ns; Loc. = LCCOMB_X26_Y5_N30; Fanout = 7; COMB Node = 'LessThan1~4'
    Info: 5: + IC(0.282 ns) + CELL(0.617 ns) = 7.814 ns; Loc. = LCCOMB_X26_Y5_N14; Fanout = 2; COMB Node = 'Add1~7'
    Info: 6: + IC(0.000 ns) + CELL(0.035 ns) = 7.849 ns; Loc. = LCCOMB_X26_Y5_N16; Fanout = 2; COMB Node = 'Add1~11'
    Info: 7: + IC(0.000 ns) + CELL(0.035 ns) = 7.884 ns; Loc. = LCCOMB_X26_Y5_N18; Fanout = 2; COMB Node = 'Add1~15'
    Info: 8: + IC(0.000 ns) + CELL(0.035 ns) = 7.919 ns; Loc. = LCCOMB_X26_Y5_N20; Fanout = 2; COMB Node = 'Add1~19'
    Info: 9: + IC(0.000 ns) + CELL(0.035 ns) = 7.954 ns; Loc. = LCCOMB_X26_Y5_N22; Fanout = 2; COMB Node = 'Add1~23'
    Info: 10: + IC(0.000 ns) + CELL(0.035 ns) = 7.989 ns; Loc. = LCCOMB_X26_Y5_N24; Fanout = 2; COMB Node = 'Add1~27'
    Info: 11: + IC(0.000 ns) + CELL(0.035 ns) = 8.024 ns; Loc. = LCCOMB_X26_Y5_N26; Fanout = 1; COMB Node = 'Add1~31'
    Info: 12: + IC(0.000 ns) + CELL(0.125 ns) = 8.149 ns; Loc. = LCCOMB_X26_Y5_N28; Fanout = 1; COMB Node = 'Add1~34'
    Info: 13: + IC(0.573 ns) + CELL(0.228 ns) = 8.950 ns; Loc. = LCCOMB_X25_Y5_N4; Fanout = 1; COMB Node = 'r~79'
    Info: 14: + IC(2.003 ns) + CELL(2.046 ns) = 12.999 ns; Loc. = PIN_B10; Fanout = 0; PIN Node = 'r[7]'
    Info: Total cell delay = 4.842 ns ( 37.25 % )
    Info: Total interconnect delay = 8.157 ns ( 62.75 % )
Info: Quartus II Classic Timing Analyzer was successful. 0 errors, 0 warnings
    Info: Peak virtual memory: 211 megabytes
    Info: Processing ended: Sat Jan 06 20:48:11 2018
    Info: Elapsed time: 00:00:00
    Info: Total CPU time (on all processors): 00:00:00


